// Jest Snapshot v1, https://goo.gl/fbAQLP

exports[`renders when it doesn't have results or a search term 1`] = `
<div
  className="sui-sorting"
  results={Array []}
  searchTerm=""
>
  <e
    caretIcon={<DownChevron />}
    key="sorting_select_[object Object]"
    name="select"
    onChange={[Function]}
    options={
      Array [
        Object {
          "text": "name",
          "value": "field|||asc",
        },
        Object {
          "text": "name",
          "value": "field|||desc",
        },
      ]
    }
    selectedValue="field|||asc"
  />
</div>
`;

exports[`supports a render prop 1`] = `
<div>
  field|||asc
</div>
`;
