// Jest Snapshot v1, https://goo.gl/fbAQLP

exports[`renders 1`] = `
<div
  className="sui-facet"
>
  <div
    className="sui-facet__title"
  >
    A Facet
  </div>
  <e
    caretIcon={<DownChevron />}
    key="facet_select_[object Object]"
    name="select"
    noSelectionLabel={
      <span
        className="rrs__inline-placeholder"
      >
        Select...
      </span>
    }
    onChange={[Function]}
    options={
      Array [
        Object {
          "markup": <React.Fragment>
            <span
              className="rrs__option-label"
            >
              Range 1
            </span>
            <span
              className="rrs__option-count"
            >
              20
            </span>
          </React.Fragment>,
          "text": "Range 1",
          "value": Object {
            "from": 1,
            "name": "Range 1",
            "to": 10,
          },
        },
        Object {
          "markup": <React.Fragment>
            <span
              className="rrs__option-label"
            >
              Range 2
            </span>
            <span
              className="rrs__option-count"
            >
              10
            </span>
          </React.Fragment>,
          "text": "Range 2",
          "value": Object {
            "from": 11,
            "name": "Range 2",
            "to": 20,
          },
        },
      ]
    }
    selectedValue={
      Object {
        "from": 1,
        "name": "Range 1",
        "to": 10,
      }
    }
  />
</div>
`;
